
> frontend@0.0.0 build
> tsc && vite build

src/hooks/usePortfolioSync.ts(6,42): error TS2339: Property 'setPortfolio' does not exist on type 'StoreState'.
src/hooks/usePortfolioSync.ts(33,45): error TS2339: Property 'trades' does not exist on type 'StoreState'.
src/hooks/usePortfolioSync.ts(35,13): error TS2339: Property 'trades' does not exist on type 'StoreState'.
src/hooks/usePortfolioSync.ts(36,25): error TS2339: Property 'trades' does not exist on type 'StoreState'.
src/pages/WalletPage.tsx(8,65): error TS2339: Property 'trades' does not exist on type 'StoreState'.
src/pages/WalletPage.tsx(8,89): error TS2339: Property 'currentPrice' does not exist on type 'StoreState'.
src/pages/WalletPage.tsx(13,34): error TS7006: Parameter 't' implicitly has an 'any' type.
src/pages/WalletPage.tsx(13,37): error TS7006: Parameter 'i' implicitly has an 'any' type.
src/pages/WalletPage.tsx(28,42): error TS2339: Property 'portfolio' does not exist on type 'StoreState'.
src/pages/WalletPage.tsx(28,61): error TS2339: Property 'portfolio' does not exist on type 'StoreState'.
src/pages/WalletPage.tsx(94,29): error TS7006: Parameter 'tx' implicitly has an 'any' type.
